
AVRASM ver. 2.1.30  F:\000 Data Hakam\Projects\Simulations\Basic Electronics\USART Circuits\List\Rx.asm Mon Feb 03 09:31:55 2014

F:\000 Data Hakam\Projects\Simulations\Basic Electronics\USART Circuits\List\Rx.asm(974): warning: Register r3 already defined by the .DEF directive
F:\000 Data Hakam\Projects\Simulations\Basic Electronics\USART Circuits\List\Rx.asm(975): warning: Register r2 already defined by the .DEF directive
F:\000 Data Hakam\Projects\Simulations\Basic Electronics\USART Circuits\List\Rx.asm(976): warning: Register r5 already defined by the .DEF directive
F:\000 Data Hakam\Projects\Simulations\Basic Electronics\USART Circuits\List\Rx.asm(977): warning: Register r4 already defined by the .DEF directive
                 
                 
                 ;CodeVisionAVR C Compiler V2.05.3 Standard
                 ;(C) Copyright 1998-2011 Pavel Haiduc, HP InfoTech s.r.l.
                 ;http://www.hpinfotech.com
                 
                 ;Chip type                : ATtiny2313
                 ;Program type             : Application
                 ;Clock frequency          : 7.372800 MHz
                 ;Memory model             : Tiny
                 ;Optimize for             : Speed
                 ;(s)printf features       : long, width
                 ;(s)scanf features        : int, width
                 ;External RAM size        : 0
                 ;Data Stack size          : 32 byte(s)
                 ;Heap size                : 0 byte(s)
                 ;Promote 'char' to 'int'  : Yes
                 ;'char' is unsigned       : Yes
                 ;8 bit enums              : Yes
                 ;Global 'const' stored in FLASH     : No
                 ;Enhanced function parameter passing: Yes
                 ;Enhanced core instructions         : On
                 ;Smart register allocation          : On
                 ;Automatic register allocation      : On
                 
                 	#pragma AVRPART ADMIN PART_NAME ATtiny2313
                 	#pragma AVRPART MEMORY PROG_FLASH 2048
                 	#pragma AVRPART MEMORY EEPROM 128
                 	#pragma AVRPART MEMORY INT_SRAM SIZE 223
                 	#pragma AVRPART MEMORY INT_SRAM START_ADDR 0x60
                 
                 	.LISTMAC
                 	.EQU UDRE=0x5
                 	.EQU RXC=0x7
                 	.EQU USR=0xB
                 	.EQU UDR=0xC
                 	.EQU EERE=0x0
                 	.EQU EEWE=0x1
                 	.EQU EEMWE=0x2
                 	.EQU EECR=0x1C
                 	.EQU EEDR=0x1D
                 	.EQU EEARL=0x1E
                 	.EQU WDTCR=0x21
                 	.EQU MCUSR=0x34
                 	.EQU MCUCR=0x35
                 	.EQU SPL=0x3D
                 	.EQU SREG=0x3F
                 	.EQU GPIOR0=0x13
                 	.EQU GPIOR1=0x14
                 	.EQU GPIOR2=0x15
                 
                 	.DEF R0X0=R0
                 	.DEF R0X1=R1
                 	.DEF R0X2=R2
                 	.DEF R0X3=R3
                 	.DEF R0X4=R4
                 	.DEF R0X5=R5
                 	.DEF R0X6=R6
                 	.DEF R0X7=R7
                 	.DEF R0X8=R8
                 	.DEF R0X9=R9
                 	.DEF R0XA=R10
                 	.DEF R0XB=R11
                 	.DEF R0XC=R12
                 	.DEF R0XD=R13
                 	.DEF R0XE=R14
                 	.DEF R0XF=R15
                 	.DEF R0X10=R16
                 	.DEF R0X11=R17
                 	.DEF R0X12=R18
                 	.DEF R0X13=R19
                 	.DEF R0X14=R20
                 	.DEF R0X15=R21
                 	.DEF R0X16=R22
                 	.DEF R0X17=R23
                 	.DEF R0X18=R24
                 	.DEF R0X19=R25
                 	.DEF R0X1A=R26
                 	.DEF R0X1B=R27
                 	.DEF R0X1C=R28
                 	.DEF R0X1D=R29
                 	.DEF R0X1E=R30
                 	.DEF R0X1F=R31
                 
                 	.EQU __SRAM_START=0x0060
                 	.EQU __SRAM_END=0x00DF
                 	.EQU __DSTACK_SIZE=0x0020
                 	.EQU __HEAP_SIZE=0x0000
                 	.EQU __CLEAR_SRAM_SIZE=__SRAM_END-__SRAM_START+1
                 
                 	.MACRO __CPD1N
                 	CPI  R30,LOW(@0)
                 	LDI  R26,HIGH(@0)
                 	CPC  R31,R26
                 	LDI  R26,BYTE3(@0)
                 	CPC  R22,R26
                 	LDI  R26,BYTE4(@0)
                 	CPC  R23,R26
                 	.ENDM
                 
                 	.MACRO __CPD2N
                 	CPI  R26,LOW(@0)
                 	LDI  R30,HIGH(@0)
                 	CPC  R27,R30
                 	LDI  R30,BYTE3(@0)
                 	CPC  R24,R30
                 	LDI  R30,BYTE4(@0)
                 	CPC  R25,R30
                 	.ENDM
                 
                 	.MACRO __CPWRR
                 	CP   R@0,R@2
                 	CPC  R@1,R@3
                 	.ENDM
                 
                 	.MACRO __CPWRN
                 	CPI  R@0,LOW(@2)
                 	LDI  R30,HIGH(@2)
                 	CPC  R@1,R30
                 	.ENDM
                 
                 	.MACRO __ADDB1MN
                 	SUBI R30,LOW(-@0-(@1))
                 	.ENDM
                 
                 	.MACRO __ADDB2MN
                 	SUBI R26,LOW(-@0-(@1))
                 	.ENDM
                 
                 	.MACRO __ADDW1MN
                 	SUBI R30,LOW(-@0-(@1))
                 	SBCI R31,HIGH(-@0-(@1))
                 	.ENDM
                 
                 	.MACRO __ADDW2MN
                 	SUBI R26,LOW(-@0-(@1))
                 	SBCI R27,HIGH(-@0-(@1))
                 	.ENDM
                 
                 	.MACRO __ADDW1FN
                 	SUBI R30,LOW(-2*@0-(@1))
                 	SBCI R31,HIGH(-2*@0-(@1))
                 	.ENDM
                 
                 	.MACRO __ADDD1FN
                 	SUBI R30,LOW(-2*@0-(@1))
                 	SBCI R31,HIGH(-2*@0-(@1))
                 	SBCI R22,BYTE3(-2*@0-(@1))
                 	.ENDM
                 
                 	.MACRO __ADDD1N
                 	SUBI R30,LOW(-@0)
                 	SBCI R31,HIGH(-@0)
                 	SBCI R22,BYTE3(-@0)
                 	SBCI R23,BYTE4(-@0)
                 	.ENDM
                 
                 	.MACRO __ADDD2N
                 	SUBI R26,LOW(-@0)
                 	SBCI R27,HIGH(-@0)
                 	SBCI R24,BYTE3(-@0)
                 	SBCI R25,BYTE4(-@0)
                 	.ENDM
                 
                 	.MACRO __SUBD1N
                 	SUBI R30,LOW(@0)
                 	SBCI R31,HIGH(@0)
                 	SBCI R22,BYTE3(@0)
                 	SBCI R23,BYTE4(@0)
                 	.ENDM
                 
                 	.MACRO __SUBD2N
                 	SUBI R26,LOW(@0)
                 	SBCI R27,HIGH(@0)
                 	SBCI R24,BYTE3(@0)
                 	SBCI R25,BYTE4(@0)
                 	.ENDM
                 
                 	.MACRO __ANDBMNN
                 	LDS  R30,@0+(@1)
                 	ANDI R30,LOW(@2)
                 	STS  @0+(@1),R30
                 	.ENDM
                 
                 	.MACRO __ANDWMNN
                 	LDS  R30,@0+(@1)
                 	ANDI R30,LOW(@2)
                 	STS  @0+(@1),R30
                 	LDS  R30,@0+(@1)+1
                 	ANDI R30,HIGH(@2)
                 	STS  @0+(@1)+1,R30
                 	.ENDM
                 
                 	.MACRO __ANDD1N
                 	ANDI R30,LOW(@0)
                 	ANDI R31,HIGH(@0)
                 	ANDI R22,BYTE3(@0)
                 	ANDI R23,BYTE4(@0)
                 	.ENDM
                 
                 	.MACRO __ANDD2N
                 	ANDI R26,LOW(@0)
                 	ANDI R27,HIGH(@0)
                 	ANDI R24,BYTE3(@0)
                 	ANDI R25,BYTE4(@0)
                 	.ENDM
                 
                 	.MACRO __ORBMNN
                 	LDS  R30,@0+(@1)
                 	ORI  R30,LOW(@2)
                 	STS  @0+(@1),R30
                 	.ENDM
                 
                 	.MACRO __ORWMNN
                 	LDS  R30,@0+(@1)
                 	ORI  R30,LOW(@2)
                 	STS  @0+(@1),R30
                 	LDS  R30,@0+(@1)+1
                 	ORI  R30,HIGH(@2)
                 	STS  @0+(@1)+1,R30
                 	.ENDM
                 
                 	.MACRO __ORD1N
                 	ORI  R30,LOW(@0)
                 	ORI  R31,HIGH(@0)
                 	ORI  R22,BYTE3(@0)
                 	ORI  R23,BYTE4(@0)
                 	.ENDM
                 
                 	.MACRO __ORD2N
                 	ORI  R26,LOW(@0)
                 	ORI  R27,HIGH(@0)
                 	ORI  R24,BYTE3(@0)
                 	ORI  R25,BYTE4(@0)
                 	.ENDM
                 
                 	.MACRO __DELAY_USB
                 	LDI  R24,LOW(@0)
                 __DELAY_USB_LOOP:
                 	DEC  R24
                 	BRNE __DELAY_USB_LOOP
                 	.ENDM
                 
                 	.MACRO __DELAY_USW
                 	LDI  R24,LOW(@0)
                 	LDI  R25,HIGH(@0)
                 __DELAY_USW_LOOP:
                 	SBIW R24,1
                 	BRNE __DELAY_USW_LOOP
                 	.ENDM
                 
                 	.MACRO __GETD1S
                 	LDD  R30,Y+@0
                 	LDD  R31,Y+@0+1
                 	LDD  R22,Y+@0+2
                 	LDD  R23,Y+@0+3
                 	.ENDM
                 
                 	.MACRO __GETD2S
                 	LDD  R26,Y+@0
                 	LDD  R27,Y+@0+1
                 	LDD  R24,Y+@0+2
                 	LDD  R25,Y+@0+3
                 	.ENDM
                 
                 	.MACRO __PUTD1S
                 	STD  Y+@0,R30
                 	STD  Y+@0+1,R31
                 	STD  Y+@0+2,R22
                 	STD  Y+@0+3,R23
                 	.ENDM
                 
                 	.MACRO __PUTD2S
                 	STD  Y+@0,R26
                 	STD  Y+@0+1,R27
                 	STD  Y+@0+2,R24
                 	STD  Y+@0+3,R25
                 	.ENDM
                 
                 	.MACRO __PUTDZ2
                 	STD  Z+@0,R26
                 	STD  Z+@0+1,R27
                 	STD  Z+@0+2,R24
                 	STD  Z+@0+3,R25
                 	.ENDM
                 
                 	.MACRO __CLRD1S
                 	STD  Y+@0,R30
                 	STD  Y+@0+1,R30
                 	STD  Y+@0+2,R30
                 	STD  Y+@0+3,R30
                 	.ENDM
                 
                 	.MACRO __POINTB1MN
                 	LDI  R30,LOW(@0+(@1))
                 	.ENDM
                 
                 	.MACRO __POINTW1MN
                 	LDI  R30,LOW(@0+(@1))
                 	LDI  R31,HIGH(@0+(@1))
                 	.ENDM
                 
                 	.MACRO __POINTD1M
                 	LDI  R30,LOW(@0)
                 	LDI  R31,HIGH(@0)
                 	LDI  R22,BYTE3(@0)
                 	LDI  R23,BYTE4(@0)
                 	.ENDM
                 
                 	.MACRO __POINTW1FN
                 	LDI  R30,LOW(2*@0+(@1))
                 	LDI  R31,HIGH(2*@0+(@1))
                 	.ENDM
                 
                 	.MACRO __POINTD1FN
                 	LDI  R30,LOW(2*@0+(@1))
                 	LDI  R31,HIGH(2*@0+(@1))
                 	LDI  R22,BYTE3(2*@0+(@1))
                 	LDI  R23,BYTE4(2*@0+(@1))
                 	.ENDM
                 
                 	.MACRO __POINTB2MN
                 	LDI  R26,LOW(@0+(@1))
                 	.ENDM
                 
                 	.MACRO __POINTW2MN
                 	LDI  R26,LOW(@0+(@1))
                 	LDI  R27,HIGH(@0+(@1))
                 	.ENDM
                 
                 	.MACRO __POINTW2FN
                 	LDI  R26,LOW(2*@0+(@1))
                 	LDI  R27,HIGH(2*@0+(@1))
                 	.ENDM
                 
                 	.MACRO __POINTD2FN
                 	LDI  R26,LOW(2*@0+(@1))
                 	LDI  R27,HIGH(2*@0+(@1))
                 	LDI  R24,BYTE3(2*@0+(@1))
                 	LDI  R25,BYTE4(2*@0+(@1))
                 	.ENDM
                 
                 	.MACRO __POINTBRM
                 	LDI  R@0,LOW(@1)
                 	.ENDM
                 
                 	.MACRO __POINTWRM
                 	LDI  R@0,LOW(@2)
                 	LDI  R@1,HIGH(@2)
                 	.ENDM
                 
                 	.MACRO __POINTBRMN
                 	LDI  R@0,LOW(@1+(@2))
                 	.ENDM
                 
                 	.MACRO __POINTWRMN
                 	LDI  R@0,LOW(@2+(@3))
                 	LDI  R@1,HIGH(@2+(@3))
                 	.ENDM
                 
                 	.MACRO __POINTWRFN
                 	LDI  R@0,LOW(@2*2+(@3))
                 	LDI  R@1,HIGH(@2*2+(@3))
                 	.ENDM
                 
                 	.MACRO __GETD1N
                 	LDI  R30,LOW(@0)
                 	LDI  R31,HIGH(@0)
                 	LDI  R22,BYTE3(@0)
                 	LDI  R23,BYTE4(@0)
                 	.ENDM
                 
                 	.MACRO __GETD2N
                 	LDI  R26,LOW(@0)
                 	LDI  R27,HIGH(@0)
                 	LDI  R24,BYTE3(@0)
                 	LDI  R25,BYTE4(@0)
                 	.ENDM
                 
                 	.MACRO __GETB1MN
                 	LDS  R30,@0+(@1)
                 	.ENDM
                 
                 	.MACRO __GETB1HMN
                 	LDS  R31,@0+(@1)
                 	.ENDM
                 
                 	.MACRO __GETW1MN
                 	LDS  R30,@0+(@1)
                 	LDS  R31,@0+(@1)+1
                 	.ENDM
                 
                 	.MACRO __GETD1MN
                 	LDS  R30,@0+(@1)
                 	LDS  R31,@0+(@1)+1
                 	LDS  R22,@0+(@1)+2
                 	LDS  R23,@0+(@1)+3
                 	.ENDM
                 
                 	.MACRO __GETBRMN
                 	LDS  R@0,@1+(@2)
                 	.ENDM
                 
                 	.MACRO __GETWRMN
                 	LDS  R@0,@2+(@3)
                 	LDS  R@1,@2+(@3)+1
                 	.ENDM
                 
                 	.MACRO __GETWRZ
                 	LDD  R@0,Z+@2
                 	LDD  R@1,Z+@2+1
                 	.ENDM
                 
                 	.MACRO __GETD2Z
                 	LDD  R26,Z+@0
                 	LDD  R27,Z+@0+1
                 	LDD  R24,Z+@0+2
                 	LDD  R25,Z+@0+3
                 	.ENDM
                 
                 	.MACRO __GETB2MN
                 	LDS  R26,@0+(@1)
                 	.ENDM
                 
                 	.MACRO __GETW2MN
                 	LDS  R26,@0+(@1)
                 	LDS  R27,@0+(@1)+1
                 	.ENDM
                 
                 	.MACRO __GETD2MN
                 	LDS  R26,@0+(@1)
                 	LDS  R27,@0+(@1)+1
                 	LDS  R24,@0+(@1)+2
                 	LDS  R25,@0+(@1)+3
                 	.ENDM
                 
                 	.MACRO __PUTB1MN
                 	STS  @0+(@1),R30
                 	.ENDM
                 
                 	.MACRO __PUTW1MN
                 	STS  @0+(@1),R30
                 	STS  @0+(@1)+1,R31
                 	.ENDM
                 
                 	.MACRO __PUTD1MN
                 	STS  @0+(@1),R30
                 	STS  @0+(@1)+1,R31
                 	STS  @0+(@1)+2,R22
                 	STS  @0+(@1)+3,R23
                 	.ENDM
                 
                 	.MACRO __PUTB1EN
                 	LDI  R26,LOW(@0+(@1))
                 	LDI  R27,HIGH(@0+(@1))
                 	RCALL __EEPROMWRB
                 	.ENDM
                 
                 	.MACRO __PUTW1EN
                 	LDI  R26,LOW(@0+(@1))
                 	LDI  R27,HIGH(@0+(@1))
                 	RCALL __EEPROMWRW
                 	.ENDM
                 
                 	.MACRO __PUTD1EN
                 	LDI  R26,LOW(@0+(@1))
                 	LDI  R27,HIGH(@0+(@1))
                 	RCALL __EEPROMWRD
                 	.ENDM
                 
                 	.MACRO __PUTBR0MN
                 	STS  @0+(@1),R0
                 	.ENDM
                 
                 	.MACRO __PUTBMRN
                 	STS  @0+(@1),R@2
                 	.ENDM
                 
                 	.MACRO __PUTWMRN
                 	STS  @0+(@1),R@2
                 	STS  @0+(@1)+1,R@3
                 	.ENDM
                 
                 	.MACRO __PUTBZR
                 	STD  Z+@1,R@0
                 	.ENDM
                 
                 	.MACRO __PUTWZR
                 	STD  Z+@2,R@0
                 	STD  Z+@2+1,R@1
                 	.ENDM
                 
                 	.MACRO __GETW1R
                 	MOV  R30,R@0
                 	MOV  R31,R@1
                 	.ENDM
                 
                 	.MACRO __GETW2R
                 	MOV  R26,R@0
                 	MOV  R27,R@1
                 	.ENDM
                 
                 	.MACRO __GETWRN
                 	LDI  R@0,LOW(@2)
                 	LDI  R@1,HIGH(@2)
                 	.ENDM
                 
                 	.MACRO __PUTW1R
                 	MOV  R@0,R30
                 	MOV  R@1,R31
                 	.ENDM
                 
                 	.MACRO __PUTW2R
                 	MOV  R@0,R26
                 	MOV  R@1,R27
                 	.ENDM
                 
                 	.MACRO __ADDWRN
                 	SUBI R@0,LOW(-@2)
                 	SBCI R@1,HIGH(-@2)
                 	.ENDM
                 
                 	.MACRO __ADDWRR
                 	ADD  R@0,R@2
                 	ADC  R@1,R@3
                 	.ENDM
                 
                 	.MACRO __SUBWRN
                 	SUBI R@0,LOW(@2)
                 	SBCI R@1,HIGH(@2)
                 	.ENDM
                 
                 	.MACRO __SUBWRR
                 	SUB  R@0,R@2
                 	SBC  R@1,R@3
                 	.ENDM
                 
                 	.MACRO __ANDWRN
                 	ANDI R@0,LOW(@2)
                 	ANDI R@1,HIGH(@2)
                 	.ENDM
                 
                 	.MACRO __ANDWRR
                 	AND  R@0,R@2
                 	AND  R@1,R@3
                 	.ENDM
                 
                 	.MACRO __ORWRN
                 	ORI  R@0,LOW(@2)
                 	ORI  R@1,HIGH(@2)
                 	.ENDM
                 
                 	.MACRO __ORWRR
                 	OR   R@0,R@2
                 	OR   R@1,R@3
                 	.ENDM
                 
                 	.MACRO __EORWRR
                 	EOR  R@0,R@2
                 	EOR  R@1,R@3
                 	.ENDM
                 
                 	.MACRO __GETWRS
                 	LDD  R@0,Y+@2
                 	LDD  R@1,Y+@2+1
                 	.ENDM
                 
                 	.MACRO __PUTBSR
                 	STD  Y+@1,R@0
                 	.ENDM
                 
                 	.MACRO __PUTWSR
                 	STD  Y+@2,R@0
                 	STD  Y+@2+1,R@1
                 	.ENDM
                 
                 	.MACRO __MOVEWRR
                 	MOV  R@0,R@2
                 	MOV  R@1,R@3
                 	.ENDM
                 
                 	.MACRO __INWR
                 	IN   R@0,@2
                 	IN   R@1,@2+1
                 	.ENDM
                 
                 	.MACRO __OUTWR
                 	OUT  @2+1,R@1
                 	OUT  @2,R@0
                 	.ENDM
                 
                 	.MACRO __CALL1MN
                 	LDS  R30,@0+(@1)
                 	LDS  R31,@0+(@1)+1
                 	ICALL
                 	.ENDM
                 
                 	.MACRO __CALL1FN
                 	LDI  R30,LOW(2*@0+(@1))
                 	LDI  R31,HIGH(2*@0+(@1))
                 	RCALL __GETW1PF
                 	ICALL
                 	.ENDM
                 
                 	.MACRO __CALL2EN
                 	LDI  R26,LOW(@0+(@1))
                 	LDI  R27,HIGH(@0+(@1))
                 	RCALL __EEPROMRDW
                 	ICALL
                 	.ENDM
                 
                 	.MACRO __GETW1STACK
                 	IN   R26,SPL
                 	IN   R27,SPH
                 	ADIW R26,@0+1
                 	LD   R30,X+
                 	LD   R31,X
                 	.ENDM
                 
                 	.MACRO __GETD1STACK
                 	IN   R26,SPL
                 	IN   R27,SPH
                 	ADIW R26,@0+1
                 	LD   R30,X+
                 	LD   R31,X+
                 	LD   R22,X
                 	.ENDM
                 
                 	.MACRO __NBST
                 	BST  R@0,@1
                 	IN   R30,SREG
                 	LDI  R31,0x40
                 	EOR  R30,R31
                 	OUT  SREG,R30
                 	.ENDM
                 
                 
                 	.MACRO __PUTB1SN
                 	LDD  R26,Y+@0
                 	SUBI R26,-@1
                 	ST   X,R30
                 	.ENDM
                 
                 	.MACRO __PUTW1SN
                 	LDD  R26,Y+@0
                 	SUBI R26,-@1
                 	ST   X+,R30
                 	ST   X,R31
                 	.ENDM
                 
                 	.MACRO __PUTD1SN
                 	LDD  R26,Y+@0
                 	SUBI R26,-@1
                 	RCALL __PUTDP1
                 	.ENDM
                 
                 	.MACRO __PUTB1SNS
                 	LDD  R26,Y+@0
                 	SUBI R26,-@1
                 	ST   X,R30
                 	.ENDM
                 
                 	.MACRO __PUTW1SNS
                 	LDD  R26,Y+@0
                 	SUBI R26,-@1
                 	ST   X+,R30
                 	ST   X,R31
                 	.ENDM
                 
                 	.MACRO __PUTD1SNS
                 	LDD  R26,Y+@0
                 	SUBI R26,-@1
                 	RCALL __PUTDP1
                 	.ENDM
                 
                 	.MACRO __PUTB1RN
                 	MOV  R26,R@0
                 	SUBI R26,-@1
                 	ST   X,R30
                 	.ENDM
                 
                 	.MACRO __PUTW1RN
                 	MOV  R26,R@0
                 	SUBI R26,-@1
                 	ST   X+,R30
                 	ST   X,R31
                 	.ENDM
                 
                 	.MACRO __PUTD1RN
                 	MOV  R26,R@0
                 	SUBI R26,-@1
                 	RCALL __PUTDP1
                 	.ENDM
                 
                 	.MACRO __PUTB1RNS
                 	MOV  R26,R@0
                 	SUBI R26,-@1
                 	ST   X,R30
                 	.ENDM
                 
                 	.MACRO __PUTW1RNS
                 	MOV  R26,R@0
                 	SUBI R26,-@1
                 	ST   X+,R30
                 	ST   X,R31
                 	.ENDM
                 
                 	.MACRO __PUTD1RNS
                 	MOV  R26,R@0
                 	SUBI R26,-@1
                 	RCALL __PUTDP1
                 	.ENDM
                 
                 	.MACRO __PUTB1PMN
                 	LDS  R26,@0
                 	SUBI R26,-@1
                 	ST   X,R30
                 	.ENDM
                 
                 	.MACRO __PUTW1PMN
                 	LDS  R26,@0
                 	SUBI R26,-@1
                 	ST   X+,R30
                 	ST   X,R31
                 	.ENDM
                 
                 	.MACRO __PUTD1PMN
                 	LDS  R26,@0
                 	SUBI R26,-@1
                 	RCALL __PUTDP1
                 	.ENDM
                 
                 	.MACRO __PUTB1PMNS
                 	LDS  R26,@0
                 	SUBI R26,-@1
                 	ST   X,R30
                 	.ENDM
                 
                 	.MACRO __PUTW1PMNS
                 	LDS  R26,@0
                 	SUBI R26,-@1
                 	ST   X+,R30
                 	ST   X,R31
                 	.ENDM
                 
                 	.MACRO __PUTD1PMNS
                 	LDS  R26,@0
                 	SUBI R26,-@1
                 	RCALL __PUTDP1
                 	.ENDM
                 
                 	.MACRO __GETB1SX
                 	MOVW R30,R28
                 	SUBI R30,LOW(-@0)
                 	SBCI R31,HIGH(-@0)
                 	LD   R30,Z
                 	.ENDM
                 
                 	.MACRO __GETB1HSX
                 	MOVW R30,R28
                 	SUBI R30,LOW(-@0)
                 	SBCI R31,HIGH(-@0)
                 	LD   R31,Z
                 	.ENDM
                 
                 	.MACRO __GETW1SX
                 	MOVW R30,R28
                 	SUBI R30,LOW(-@0)
                 	SBCI R31,HIGH(-@0)
                 	LD   R0,Z+
                 	LD   R31,Z
                 	MOV  R30,R0
                 	.ENDM
                 
                 	.MACRO __GETD1SX
                 	MOVW R30,R28
                 	SUBI R30,LOW(-@0)
                 	SBCI R31,HIGH(-@0)
                 	LD   R0,Z+
                 	LD   R1,Z+
                 	LD   R22,Z+
                 	LD   R23,Z
                 	MOVW R30,R0
                 	.ENDM
                 
                 	.MACRO __GETB2SX
                 	MOVW R26,R28
                 	SUBI R26,LOW(-@0)
                 	SBCI R27,HIGH(-@0)
                 	LD   R26,X
                 	.ENDM
                 
                 	.MACRO __GETW2SX
                 	MOVW R26,R28
                 	SUBI R26,LOW(-@0)
                 	SBCI R27,HIGH(-@0)
                 	LD   R0,X+
                 	LD   R27,X
                 	MOV  R26,R0
                 	.ENDM
                 
                 	.MACRO __GETD2SX
                 	MOVW R26,R28
                 	SUBI R26,LOW(-@0)
                 	SBCI R27,HIGH(-@0)
                 	LD   R0,X+
                 	LD   R1,X+
                 	LD   R24,X+
                 	LD   R25,X
                 	MOVW R26,R0
                 	.ENDM
                 
                 	.MACRO __GETBRSX
                 	MOVW R30,R28
                 	SUBI R30,LOW(-@1)
                 	SBCI R31,HIGH(-@1)
                 	LD   R@0,Z
                 	.ENDM
                 
                 	.MACRO __GETWRSX
                 	MOVW R30,R28
                 	SUBI R30,LOW(-@2)
                 	SBCI R31,HIGH(-@2)
                 	LD   R@0,Z+
                 	LD   R@1,Z
                 	.ENDM
                 
                 	.MACRO __GETBRSX2
                 	MOVW R26,R28
                 	SUBI R26,LOW(-@1)
                 	SBCI R27,HIGH(-@1)
                 	LD   R@0,X
                 	.ENDM
                 
                 	.MACRO __GETWRSX2
                 	MOVW R26,R28
                 	SUBI R26,LOW(-@2)
                 	SBCI R27,HIGH(-@2)
                 	LD   R@0,X+
                 	LD   R@1,X
                 	.ENDM
                 
                 	.MACRO __LSLW8SX
                 	MOVW R30,R28
                 	SUBI R30,LOW(-@0)
                 	SBCI R31,HIGH(-@0)
                 	LD   R31,Z
                 	CLR  R30
                 	.ENDM
                 
                 	.MACRO __PUTB1SX
                 	MOVW R26,R28
                 	SUBI R26,LOW(-@0)
                 	SBCI R27,HIGH(-@0)
                 	ST   X,R30
                 	.ENDM
                 
                 	.MACRO __PUTW1SX
                 	MOVW R26,R28
                 	SUBI R26,LOW(-@0)
                 	SBCI R27,HIGH(-@0)
                 	ST   X+,R30
                 	ST   X,R31
                 	.ENDM
                 
                 	.MACRO __PUTD1SX
                 	MOVW R26,R28
                 	SUBI R26,LOW(-@0)
                 	SBCI R27,HIGH(-@0)
                 	ST   X+,R30
                 	ST   X+,R31
                 	ST   X+,R22
                 	ST   X,R23
                 	.ENDM
                 
                 	.MACRO __CLRW1SX
                 	MOVW R26,R28
                 	SUBI R26,LOW(-@0)
                 	SBCI R27,HIGH(-@0)
                 	ST   X+,R30
                 	ST   X,R30
                 	.ENDM
                 
                 	.MACRO __CLRD1SX
                 	MOVW R26,R28
                 	SUBI R26,LOW(-@0)
                 	SBCI R27,HIGH(-@0)
                 	ST   X+,R30
                 	ST   X+,R30
                 	ST   X+,R30
                 	ST   X,R30
                 	.ENDM
                 
                 	.MACRO __PUTB2SX
                 	MOVW R30,R28
                 	SUBI R30,LOW(-@0)
                 	SBCI R31,HIGH(-@0)
                 	ST   Z,R26
                 	.ENDM
                 
                 	.MACRO __PUTW2SX
                 	MOVW R30,R28
                 	SUBI R30,LOW(-@0)
                 	SBCI R31,HIGH(-@0)
                 	ST   Z+,R26
                 	ST   Z,R27
                 	.ENDM
                 
                 	.MACRO __PUTD2SX
                 	MOVW R30,R28
                 	SUBI R30,LOW(-@0)
                 	SBCI R31,HIGH(-@0)
                 	ST   Z+,R26
                 	ST   Z+,R27
                 	ST   Z+,R24
                 	ST   Z,R25
                 	.ENDM
                 
                 	.MACRO __PUTBSRX
                 	MOVW R30,R28
                 	SUBI R30,LOW(-@1)
                 	SBCI R31,HIGH(-@1)
                 	ST   Z,R@0
                 	.ENDM
                 
                 	.MACRO __PUTWSRX
                 	MOVW R30,R28
                 	SUBI R30,LOW(-@2)
                 	SBCI R31,HIGH(-@2)
                 	ST   Z+,R@0
                 	ST   Z,R@1
                 	.ENDM
                 
                 	.MACRO __PUTB1SNX
                 	MOVW R26,R28
                 	SUBI R26,LOW(-@0)
                 	SBCI R27,HIGH(-@0)
                 	LD   R0,X+
                 	LD   R27,X
                 	MOV  R26,R0
                 	SUBI R26,LOW(-@1)
                 	SBCI R27,HIGH(-@1)
                 	ST   X,R30
                 	.ENDM
                 
                 	.MACRO __PUTW1SNX
                 	MOVW R26,R28
                 	SUBI R26,LOW(-@0)
                 	SBCI R27,HIGH(-@0)
                 	LD   R0,X+
                 	LD   R27,X
                 	MOV  R26,R0
                 	SUBI R26,LOW(-@1)
                 	SBCI R27,HIGH(-@1)
                 	ST   X+,R30
                 	ST   X,R31
                 	.ENDM
                 
                 	.MACRO __PUTD1SNX
                 	MOVW R26,R28
                 	SUBI R26,LOW(-@0)
                 	SBCI R27,HIGH(-@0)
                 	LD   R0,X+
                 	LD   R27,X
                 	MOV  R26,R0
                 	SUBI R26,LOW(-@1)
                 	SBCI R27,HIGH(-@1)
                 	ST   X+,R30
                 	ST   X+,R31
                 	ST   X+,R22
                 	ST   X,R23
                 	.ENDM
                 
                 ;NAME DEFINITIONS FOR GLOBAL VARIABLES ALLOCATED TO REGISTERS
                 	.DEF _x=R3
                 	.DEF __lcd_x=R2
                 	.DEF __lcd_y=R5
                 	.DEF __lcd_maxx=R4
                 
                 ;GPIOR0-GPIOR2 INITIALIZATION VALUES
                 	.EQU __GPIOR0_INIT=0x00
                 	.EQU __GPIOR1_INIT=0x00
                 	.EQU __GPIOR2_INIT=0x00
                 
                 	.CSEG
                 	.ORG 0x00
                 
                 ;START OF CODE MARKER
                 __START_OF_CODE:
                 
                 ;INTERRUPT VECTORS
000000 c01b      	RJMP __RESET
000001 cffe      	RJMP 0x00
000002 cffd      	RJMP 0x00
000003 cffc      	RJMP 0x00
000004 cffb      	RJMP 0x00
000005 cffa      	RJMP 0x00
000006 c043      	RJMP _timer0_ovf_isr
000007 cff8      	RJMP 0x00
000008 cff7      	RJMP 0x00
000009 cff6      	RJMP 0x00
00000a cff5      	RJMP 0x00
00000b cff4      	RJMP 0x00
00000c cff3      	RJMP 0x00
00000d cff2      	RJMP 0x00
00000e cff1      	RJMP 0x00
00000f cff0      	RJMP 0x00
000010 cfef      	RJMP 0x00
000011 cfee      	RJMP 0x00
000012 cfed      	RJMP 0x00
                 
                 _0x9:
F:\000 Data Hakam\Projects\Simulations\Basic Electronics\USART Circuits\List\Rx.asm(1012): warning: .cseg .db misalignment - padding zero byte
000013 0001      	.DB  0x1
                 _0x2000003:
000014 c080      	.DB  0x80,0xC0
                 
                 __GLOBAL_INI_TBL:
000015 0001      	.DW  0x01
000016 0003      	.DW  0x03
000017 0026      	.DW  _0x9*2
                 
000018 0002      	.DW  0x02
000019 00a2      	.DW  __base_y_G100
00001a 0028      	.DW  _0x2000003*2
                 
                 _0xFFFFFFFF:
00001b 0000      	.DW  0
                 
                 __RESET:
00001c 94f8      	CLI
00001d 27ee      	CLR  R30
00001e bbec      	OUT  EECR,R30
00001f bfe5      	OUT  MCUCR,R30
                 
                 ;DISABLE WATCHDOG
000020 e1f8      	LDI  R31,0x18
000021 b7a4      	IN   R26,MCUSR
000022 7fa7      	CBR  R26,8
000023 bfa4      	OUT  MCUSR,R26
000024 bdf1      	OUT  WDTCR,R31
000025 bde1      	OUT  WDTCR,R30
                 
                 ;CLEAR R2-R14
000026 e08d      	LDI  R24,(14-2)+1
000027 e0a2      	LDI  R26,2
                 __CLEAR_REG:
000028 93ed      	ST   X+,R30
000029 958a      	DEC  R24
00002a f7e9      	BRNE __CLEAR_REG
                 
                 ;CLEAR SRAM
00002b e880      	LDI  R24,__CLEAR_SRAM_SIZE
00002c e6a0      	LDI  R26,__SRAM_START
                 __CLEAR_SRAM:
00002d 93ed      	ST   X+,R30
00002e 958a      	DEC  R24
00002f f7e9      	BRNE __CLEAR_SRAM
                 
                 ;GLOBAL VARIABLES INITIALIZATION
000030 e2ea      	LDI  R30,LOW(__GLOBAL_INI_TBL*2)
000031 e0f0      	LDI  R31,HIGH(__GLOBAL_INI_TBL*2)
                 __GLOBAL_INI_NEXT:
000032 9185      	LPM  R24,Z+
000033 9195      	LPM  R25,Z+
000034 9700      	SBIW R24,0
000035 f061      	BREQ __GLOBAL_INI_END
000036 91a5      	LPM  R26,Z+
000037 91b5      	LPM  R27,Z+
000038 9005      	LPM  R0,Z+
000039 9015      	LPM  R1,Z+
00003a 01bf      	MOVW R22,R30
00003b 01f0      	MOVW R30,R0
                 __GLOBAL_INI_LOOP:
00003c 9005      	LPM  R0,Z+
00003d 920d      	ST   X+,R0
00003e 9701      	SBIW R24,1
00003f f7e1      	BRNE __GLOBAL_INI_LOOP
000040 01fb      	MOVW R30,R22
000041 cff0      	RJMP __GLOBAL_INI_NEXT
                 __GLOBAL_INI_END:
                 
                 ;GPIOR0-GPIOR2 INITIALIZATION
000042 e0e0      	LDI  R30,__GPIOR0_INIT
000043 bbe3      	OUT  GPIOR0,R30
                 	;__GPIOR1_INIT = __GPIOR0_INIT
000044 bbe4      	OUT  GPIOR1,R30
                 	;__GPIOR2_INIT = __GPIOR0_INIT
000045 bbe5      	OUT  GPIOR2,R30
                 
                 ;HARDWARE STACK POINTER INITIALIZATION
000046 edef      	LDI  R30,LOW(__SRAM_END-__HEAP_SIZE)
000047 bfed      	OUT  SPL,R30
                 
                 ;DATA STACK POINTER INITIALIZATION
000048 e8c0      	LDI  R28,LOW(__SRAM_START+__DSTACK_SIZE)
                 
000049 c02e      	RJMP _main
                 
                 	.ESEG
                 	.ORG 0
                 
                 	.DSEG
                 	.ORG 0x80
                 
                 	.CSEG
                 ;/*****************************************************
                 ;This program was produced by the
                 ;CodeWizardAVR V2.05.3 Standard
                 ;Automatic Program Generator
                 ;© Copyright 1998-2011 Pavel Haiduc, HP InfoTech s.r.l.
                 ;http://www.hpinfotech.com
                 ;
                 ;Project :
                 ;Version :
                 ;Date    : 2/2/2014
                 ;Author  : Juhanda
                 ;Company :
                 ;Comments:
                 ;
                 ;
                 ;Chip type               : ATtiny2313
                 ;AVR Core Clock frequency: 7.372800 MHz
                 ;Memory model            : Tiny
                 ;External RAM size       : 0
                 ;Data Stack size         : 32
                 ;*****************************************************/
                 ;
                 ;#include <tiny2313.h>
                 	#ifndef __SLEEP_DEFINED__
                 	#define __SLEEP_DEFINED__
                 	.EQU __se_bit=0x20
                 	.EQU __sm_mask=0x50
                 	.EQU __sm_powerdown=0x10
                 	.EQU __sm_standby=0x40
                 	.SET power_ctrl_reg=mcucr
                 	#endif
                 ;#include <alcd.h>
                 ;#include <stdio.h>
                 ;#include <string.h>
                 ;
                 ;char lcd[17], buff[17], x = 1;
                 ;
                 ;// Timer 0 overflow interrupt service routine
                 ;interrupt [TIM0_OVF] void timer0_ovf_isr(void)
                 ; 0000 0020 {
                 
                 	.CSEG
                 _timer0_ovf_isr:
00004a 920a      	ST   -Y,R0
00004b 921a      	ST   -Y,R1
00004c 92fa      	ST   -Y,R15
00004d 936a      	ST   -Y,R22
00004e 937a      	ST   -Y,R23
00004f 938a      	ST   -Y,R24
000050 939a      	ST   -Y,R25
000051 93aa      	ST   -Y,R26
000052 93ba      	ST   -Y,R27
000053 93ea      	ST   -Y,R30
000054 93fa      	ST   -Y,R31
000055 b7ef      	IN   R30,SREG
000056 93ea      	ST   -Y,R30
                 ; 0000 0021   if (x == 0)
000057 2033      	TST  R3
000058 f439      	BRNE _0x3
                 ; 0000 0022   {
                 ; 0000 0023     strcpy(lcd, buff);
000059 e8e0      	LDI  R30,LOW(_lcd)
00005a 93ea      	ST   -Y,R30
00005b e9a1      	LDI  R26,LOW(_buff)
00005c d108      	RCALL _strcpy
                 ; 0000 0024     lcd_clear();
00005d d07b      	RCALL _lcd_clear
                 ; 0000 0025     x = 1;
00005e e0e1      	LDI  R30,LOW(1)
00005f 2e3e      	MOV  R3,R30
                 ; 0000 0026   }
                 ; 0000 0027 
                 ; 0000 0028   if (x == 1)
                 _0x3:
000060 e0e1      	LDI  R30,LOW(1)
000061 15e3      	CP   R30,R3
000062 f439      	BRNE _0x4
                 ; 0000 0029   {
                 ; 0000 002A     lcd_gotoxy(0,0);
000063 e0e0      	LDI  R30,LOW(0)
000064 93ea      	ST   -Y,R30
000065 e0a0      	LDI  R26,LOW(0)
000066 d068      	RCALL _lcd_gotoxy
                 ; 0000 002B     lcd_puts(lcd);
000067 e8a0      	LDI  R26,LOW(_lcd)
000068 d095      	RCALL _lcd_puts
                 ; 0000 002C     //lcd_putsf("TEST");
                 ; 0000 002D     x = 0;
000069 2433      	CLR  R3
                 ; 0000 002E   }
                 ; 0000 002F }
                 _0x4:
00006a 91e9      	LD   R30,Y+
00006b bfef      	OUT  SREG,R30
00006c 91f9      	LD   R31,Y+
00006d 91e9      	LD   R30,Y+
00006e 91b9      	LD   R27,Y+
00006f 91a9      	LD   R26,Y+
000070 9199      	LD   R25,Y+
000071 9189      	LD   R24,Y+
000072 9179      	LD   R23,Y+
000073 9169      	LD   R22,Y+
000074 90f9      	LD   R15,Y+
000075 9019      	LD   R1,Y+
000076 9009      	LD   R0,Y+
000077 9518      	RETI
                 ;
                 ;void main(void)
                 ; 0000 0032 {
                 _main:
                 ; 0000 0033 // Declare your local variables here
                 ; 0000 0034 
                 ; 0000 0035 // Crystal Oscillator division factor: 1
                 ; 0000 0036 #pragma optsize-
                 ; 0000 0037 CLKPR=0x80;
000078 e8e0      	LDI  R30,LOW(128)
000079 bde6      	OUT  0x26,R30
                 ; 0000 0038 CLKPR=0x00;
00007a e0e0      	LDI  R30,LOW(0)
00007b bde6      	OUT  0x26,R30
                 ; 0000 0039 #ifdef _OPTIMIZE_SIZE_
                 ; 0000 003A #pragma optsize+
                 ; 0000 003B #endif
                 ; 0000 003C 
                 ; 0000 003D // Input/Output Ports initialization
                 ; 0000 003E // Port A initialization
                 ; 0000 003F // Func2=In Func1=In Func0=In
                 ; 0000 0040 // State2=T State1=T State0=T
                 ; 0000 0041 PORTA=0x00;
00007c bbeb      	OUT  0x1B,R30
                 ; 0000 0042 DDRA=0x00;
00007d bbea      	OUT  0x1A,R30
                 ; 0000 0043 
                 ; 0000 0044 // Port B initialization
                 ; 0000 0045 // Func7=In Func6=In Func5=In Func4=In Func3=In Func2=In Func1=In Func0=In
                 ; 0000 0046 // State7=T State6=T State5=T State4=T State3=T State2=T State1=T State0=T
                 ; 0000 0047 PORTB=0x00;
00007e bbe8      	OUT  0x18,R30
                 ; 0000 0048 DDRB=0x00;
00007f bbe7      	OUT  0x17,R30
                 ; 0000 0049 
                 ; 0000 004A // Port D initialization
                 ; 0000 004B // Func6=In Func5=In Func4=In Func3=In Func2=In Func1=In Func0=In
                 ; 0000 004C // State6=T State5=T State4=T State3=T State2=T State1=T State0=T
                 ; 0000 004D PORTD=0x00;
000080 bbe2      	OUT  0x12,R30
                 ; 0000 004E DDRD=0x00;
000081 bbe1      	OUT  0x11,R30
                 ; 0000 004F 
                 ; 0000 0050 // Timer/Counter 0 initialization
                 ; 0000 0051 // Clock source: System Clock
                 ; 0000 0052 // Clock value: 7.200 kHz
                 ; 0000 0053 // Mode: Normal top=0xFF
                 ; 0000 0054 // OC0A output: Disconnected
                 ; 0000 0055 // OC0B output: Disconnected
                 ; 0000 0056 TCCR0A=0x00;
000082 bfe0      	OUT  0x30,R30
                 ; 0000 0057 TCCR0B=0x05;
000083 e0e5      	LDI  R30,LOW(5)
000084 bfe3      	OUT  0x33,R30
                 ; 0000 0058 TCNT0=0x00;
000085 e0e0      	LDI  R30,LOW(0)
000086 bfe2      	OUT  0x32,R30
                 ; 0000 0059 OCR0A=0x00;
000087 bfe6      	OUT  0x36,R30
                 ; 0000 005A OCR0B=0x00;
000088 bfec      	OUT  0x3C,R30
                 ; 0000 005B 
                 ; 0000 005C // Timer/Counter 1 initialization
                 ; 0000 005D // Clock source: System Clock
                 ; 0000 005E // Clock value: Timer1 Stopped
                 ; 0000 005F // Mode: Normal top=0xFFFF
                 ; 0000 0060 // OC1A output: Discon.
                 ; 0000 0061 // OC1B output: Discon.
                 ; 0000 0062 // Noise Canceler: Off
                 ; 0000 0063 // Input Capture on Falling Edge
                 ; 0000 0064 // Timer1 Overflow Interrupt: Off
                 ; 0000 0065 // Input Capture Interrupt: Off
                 ; 0000 0066 // Compare A Match Interrupt: Off
                 ; 0000 0067 // Compare B Match Interrupt: Off
                 ; 0000 0068 TCCR1A=0x00;
000089 bdef      	OUT  0x2F,R30
                 ; 0000 0069 TCCR1B=0x00;
00008a bdee      	OUT  0x2E,R30
                 ; 0000 006A TCNT1H=0x00;
00008b bded      	OUT  0x2D,R30
                 ; 0000 006B TCNT1L=0x00;
00008c bdec      	OUT  0x2C,R30
                 ; 0000 006C ICR1H=0x00;
00008d bde5      	OUT  0x25,R30
                 ; 0000 006D ICR1L=0x00;
00008e bde4      	OUT  0x24,R30
                 ; 0000 006E OCR1AH=0x00;
00008f bdeb      	OUT  0x2B,R30
                 ; 0000 006F OCR1AL=0x00;
000090 bdea      	OUT  0x2A,R30
                 ; 0000 0070 OCR1BH=0x00;
000091 bde9      	OUT  0x29,R30
                 ; 0000 0071 OCR1BL=0x00;
000092 bde8      	OUT  0x28,R30
                 ; 0000 0072 
                 ; 0000 0073 // External Interrupt(s) initialization
                 ; 0000 0074 // INT0: Off
                 ; 0000 0075 // INT1: Off
                 ; 0000 0076 // Interrupt on any change on pins PCINT0-7: Off
                 ; 0000 0077 GIMSK=0x00;
000093 bfeb      	OUT  0x3B,R30
                 ; 0000 0078 MCUCR=0x00;
000094 bfe5      	OUT  0x35,R30
                 ; 0000 0079 
                 ; 0000 007A // Timer(s)/Counter(s) Interrupt(s) initialization
                 ; 0000 007B TIMSK=0x02;
000095 e0e2      	LDI  R30,LOW(2)
000096 bfe9      	OUT  0x39,R30
                 ; 0000 007C 
                 ; 0000 007D // Universal Serial Interface initialization
                 ; 0000 007E // Mode: Disabled
                 ; 0000 007F // Clock source: Register & Counter=no clk.
                 ; 0000 0080 // USI Counter Overflow Interrupt: Off
                 ; 0000 0081 USICR=0x00;
000097 e0e0      	LDI  R30,LOW(0)
000098 b9ed      	OUT  0xD,R30
                 ; 0000 0082 
                 ; 0000 0083 // USART initialization
                 ; 0000 0084 // Communication Parameters: 8 Data, 1 Stop, No Parity
                 ; 0000 0085 // USART Receiver: On
                 ; 0000 0086 // USART Transmitter: Off
                 ; 0000 0087 // USART Mode: Asynchronous
                 ; 0000 0088 // USART Baud Rate: 2400
                 ; 0000 0089 UCSRA=0x00;
000099 b9eb      	OUT  0xB,R30
                 ; 0000 008A UCSRB=0x10;
00009a e1e0      	LDI  R30,LOW(16)
00009b b9ea      	OUT  0xA,R30
                 ; 0000 008B UCSRC=0x06;
00009c e0e6      	LDI  R30,LOW(6)
00009d b9e3      	OUT  0x3,R30
                 ; 0000 008C UBRRH=0x00;
00009e e0e0      	LDI  R30,LOW(0)
00009f b9e2      	OUT  0x2,R30
                 ; 0000 008D UBRRL=0xBF;
0000a0 ebef      	LDI  R30,LOW(191)
0000a1 b9e9      	OUT  0x9,R30
                 ; 0000 008E 
                 ; 0000 008F // Analog Comparator initialization
                 ; 0000 0090 // Analog Comparator: Off
                 ; 0000 0091 // Analog Comparator Input Capture by Timer/Counter 1: Off
                 ; 0000 0092 ACSR=0x80;
0000a2 e8e0      	LDI  R30,LOW(128)
0000a3 b9e8      	OUT  0x8,R30
                 ; 0000 0093 DIDR=0x00;
0000a4 e0e0      	LDI  R30,LOW(0)
0000a5 b9e1      	OUT  0x1,R30
                 ; 0000 0094 
                 ; 0000 0095 // Alphanumeric LCD initialization
                 ; 0000 0096 // Connections are specified in the
                 ; 0000 0097 // Project|Configure|C Compiler|Libraries|Alphanumeric LCD menu:
                 ; 0000 0098 // RS - PORTB Bit 0
                 ; 0000 0099 // RD - PORTB Bit 1
                 ; 0000 009A // EN - PORTB Bit 2
                 ; 0000 009B // D4 - PORTB Bit 4
                 ; 0000 009C // D5 - PORTB Bit 5
                 ; 0000 009D // D6 - PORTB Bit 6
                 ; 0000 009E // D7 - PORTB Bit 7
                 ; 0000 009F // Characters/line: 16
                 ; 0000 00A0 lcd_init(16);
0000a6 e1a0      	LDI  R26,LOW(16)
0000a7 d064      	RCALL _lcd_init
                 ; 0000 00A1 
                 ; 0000 00A2 #asm("sei")
0000a8 9478      	sei
                 ; 0000 00A3 
                 ; 0000 00A4 while (1)
                 _0x5:
                 ; 0000 00A5       {
                 ; 0000 00A6         gets(buff, 8);
0000a9 e9e1      	LDI  R30,LOW(_buff)
0000aa 93ea      	ST   -Y,R30
0000ab e0a8      	LDI  R26,LOW(8)
0000ac d098      	RCALL _gets
                 ; 0000 00A7       }
0000ad cffb      	RJMP _0x5
                 ; 0000 00A8 }
                 _0x8:
0000ae cfff      	RJMP _0x8
                 	#ifndef __SLEEP_DEFINED__
                 	#endif
                 
                 	.DSEG
                 
                 	.CSEG
                 __lcd_write_nibble_G100:
0000af 93aa      	ST   -Y,R26
0000b0 b3e8      	IN   R30,0x18
0000b1 70ef      	ANDI R30,LOW(0xF)
0000b2 2fae      	MOV  R26,R30
0000b3 81e8      	LD   R30,Y
0000b4 7fe0      	ANDI R30,LOW(0xF0)
0000b5 2bea      	OR   R30,R26
0000b6 bbe8      	OUT  0x18,R30
                +
0000b7 e085     +LDI R24 , LOW ( 5 )
                +__DELAY_USB_LOOP :
0000b8 958a     +DEC R24
0000b9 f7f1     +BRNE __DELAY_USB_LOOP
                 	__DELAY_USB 5
0000ba 9ac2      	SBI  0x18,2
                +
0000bb e08c     +LDI R24 , LOW ( 12 )
                +__DELAY_USB_LOOP :
0000bc 958a     +DEC R24
0000bd f7f1     +BRNE __DELAY_USB_LOOP
                 	__DELAY_USB 12
0000be 98c2      	CBI  0x18,2
                +
0000bf e08c     +LDI R24 , LOW ( 12 )
                +__DELAY_USB_LOOP :
0000c0 958a     +DEC R24
0000c1 f7f1     +BRNE __DELAY_USB_LOOP
                 	__DELAY_USB 12
0000c2 c07c      	RJMP _0x2080001
                 __lcd_write_data:
0000c3 93aa      	ST   -Y,R26
0000c4 81a8      	LD   R26,Y
0000c5 dfe9      	RCALL __lcd_write_nibble_G100
0000c6 81e8          ld    r30,y
0000c7 95e2          swap  r30
0000c8 83e8          st    y,r30
0000c9 81a8      	LD   R26,Y
0000ca dfe4      	RCALL __lcd_write_nibble_G100
                +
0000cb e78b     +LDI R24 , LOW ( 123 )
                +__DELAY_USB_LOOP :
0000cc 958a     +DEC R24
0000cd f7f1     +BRNE __DELAY_USB_LOOP
                 	__DELAY_USB 123
0000ce c070      	RJMP _0x2080001
                 _lcd_gotoxy:
0000cf 93aa      	ST   -Y,R26
0000d0 81e8      	LD   R30,Y
0000d1 55ee      	SUBI R30,-LOW(__base_y_G100)
0000d2 81e0      	LD   R30,Z
0000d3 81a9      	LDD  R26,Y+1
0000d4 0fae      	ADD  R26,R30
0000d5 dfed      	RCALL __lcd_write_data
0000d6 8029      	LDD  R2,Y+1
0000d7 8058      	LDD  R5,Y+0
0000d8 c031      	RJMP _0x2080002
                 _lcd_clear:
0000d9 e0a2      	LDI  R26,LOW(2)
0000da dfe8      	RCALL __lcd_write_data
0000db e0a3      	LDI  R26,LOW(3)
0000dc e0b0      	LDI  R27,0
0000dd d093      	RCALL _delay_ms
0000de e0ac      	LDI  R26,LOW(12)
0000df dfe3      	RCALL __lcd_write_data
0000e0 e0a1      	LDI  R26,LOW(1)
0000e1 dfe1      	RCALL __lcd_write_data
0000e2 e0a3      	LDI  R26,LOW(3)
0000e3 e0b0      	LDI  R27,0
0000e4 d08c      	RCALL _delay_ms
0000e5 e0e0      	LDI  R30,LOW(0)
0000e6 2e5e      	MOV  R5,R30
0000e7 2e2e      	MOV  R2,R30
0000e8 9508      	RET
                 _lcd_putchar:
0000e9 93aa      	ST   -Y,R26
0000ea 81a8      	LD   R26,Y
0000eb 30aa      	CPI  R26,LOW(0xA)
0000ec f011      	BREQ _0x2000005
0000ed 1424      	CP   R2,R4
0000ee f048      	BRLO _0x2000004
                 _0x2000005:
0000ef e0e0      	LDI  R30,LOW(0)
0000f0 93ea      	ST   -Y,R30
0000f1 9453      	INC  R5
0000f2 2da5      	MOV  R26,R5
0000f3 dfdb      	RCALL _lcd_gotoxy
0000f4 81a8      	LD   R26,Y
0000f5 30aa      	CPI  R26,LOW(0xA)
0000f6 f409      	BRNE _0x2000007
0000f7 c047      	RJMP _0x2080001
                 _0x2000007:
                 _0x2000004:
0000f8 9423      	INC  R2
0000f9 9ac0      	SBI  0x18,0
0000fa 81a8      	LD   R26,Y
0000fb dfc7      	RCALL __lcd_write_data
0000fc 98c0      	CBI  0x18,0
0000fd c041      	RJMP _0x2080001
                 _lcd_puts:
0000fe 93aa      	ST   -Y,R26
0000ff 931a      	ST   -Y,R17
                 _0x2000008:
000100 81a9      	LDD  R26,Y+1
000101 91ed      	LD   R30,X+
000102 83a9      	STD  Y+1,R26
000103 2f1e      	MOV  R17,R30
000104 30e0      	CPI  R30,0
000105 f019      	BREQ _0x200000A
000106 2fa1      	MOV  R26,R17
000107 dfe1      	RCALL _lcd_putchar
000108 cff7      	RJMP _0x2000008
                 _0x200000A:
000109 8118      	LDD  R17,Y+0
                 _0x2080002:
00010a 9622      	ADIW R28,2
00010b 9508      	RET
                 _lcd_init:
00010c 93aa      	ST   -Y,R26
00010d b3e7      	IN   R30,0x17
00010e 6fe0      	ORI  R30,LOW(0xF0)
00010f bbe7      	OUT  0x17,R30
000110 9aba      	SBI  0x17,2
000111 9ab8      	SBI  0x17,0
000112 9ab9      	SBI  0x17,1
000113 98c2      	CBI  0x18,2
000114 98c0      	CBI  0x18,0
000115 98c1      	CBI  0x18,1
000116 8048      	LDD  R4,Y+0
000117 81e8      	LD   R30,Y
000118 58e0      	SUBI R30,-LOW(128)
                +
000119 93e0 00a4+STS __base_y_G100 + ( 2 ) , R30
                 	__PUTB1MN __base_y_G100,2
00011b 81e8      	LD   R30,Y
00011c 54e0      	SUBI R30,-LOW(192)
                +
00011d 93e0 00a5+STS __base_y_G100 + ( 3 ) , R30
                 	__PUTB1MN __base_y_G100,3
00011f e1a4      	LDI  R26,LOW(20)
000120 e0b0      	LDI  R27,0
000121 d04f      	RCALL _delay_ms
000122 e3a0      	LDI  R26,LOW(48)
000123 df8b      	RCALL __lcd_write_nibble_G100
                +
000124 ef86     +LDI R24 , LOW ( 246 )
                +__DELAY_USB_LOOP :
000125 958a     +DEC R24
000126 f7f1     +BRNE __DELAY_USB_LOOP
                 	__DELAY_USB 246
000127 e3a0      	LDI  R26,LOW(48)
000128 df86      	RCALL __lcd_write_nibble_G100
                +
000129 ef86     +LDI R24 , LOW ( 246 )
                +__DELAY_USB_LOOP :
00012a 958a     +DEC R24
00012b f7f1     +BRNE __DELAY_USB_LOOP
                 	__DELAY_USB 246
00012c e3a0      	LDI  R26,LOW(48)
00012d df81      	RCALL __lcd_write_nibble_G100
                +
00012e ef86     +LDI R24 , LOW ( 246 )
                +__DELAY_USB_LOOP :
00012f 958a     +DEC R24
000130 f7f1     +BRNE __DELAY_USB_LOOP
                 	__DELAY_USB 246
000131 e2a0      	LDI  R26,LOW(32)
000132 df7c      	RCALL __lcd_write_nibble_G100
                +
000133 ef86     +LDI R24 , LOW ( 246 )
                +__DELAY_USB_LOOP :
000134 958a     +DEC R24
000135 f7f1     +BRNE __DELAY_USB_LOOP
                 	__DELAY_USB 246
000136 e2a8      	LDI  R26,LOW(40)
000137 df8b      	RCALL __lcd_write_data
000138 e0a4      	LDI  R26,LOW(4)
000139 df89      	RCALL __lcd_write_data
00013a e8a5      	LDI  R26,LOW(133)
00013b df87      	RCALL __lcd_write_data
00013c e0a6      	LDI  R26,LOW(6)
00013d df85      	RCALL __lcd_write_data
00013e df9a      	RCALL _lcd_clear
                 _0x2080001:
00013f 9621      	ADIW R28,1
000140 9508      	RET
                 	#ifndef __SLEEP_DEFINED__
                 	#endif
                 
                 	.CSEG
                 _getchar:
                 getchar0:
000141 9b5f           sbis usr,rxc
000142 cffe           rjmp getchar0
000143 b1ec           in   r30,udr
000144 9508      	RET
                 _gets:
000145 93aa      	ST   -Y,R26
000146 d034      	RCALL __SAVELOCR4
000147 811c      	LDD  R17,Y+4
000148 810d      	LDD  R16,Y+5
                 _0x2020009:
000149 3010      	CPI  R17,0
00014a f099      	BREQ _0x202000B
                 _0x202000C:
00014b dff5      	RCALL _getchar
00014c 2f3e      	MOV  R19,R30
00014d 3038      	CPI  R19,8
00014e f431      	BRNE _0x202000D
00014f 81ac      	LDD  R26,Y+4
000150 171a      	CP   R17,R26
000151 f410      	BRSH _0x202000E
000152 5001      	SUBI R16,LOW(1)
000153 5f1f      	SUBI R17,-LOW(1)
                 _0x202000E:
000154 cff6      	RJMP _0x202000C
                 _0x202000D:
000155 303a      	CPI  R19,10
000156 f039      	BREQ _0x202000B
000157 930f      	PUSH R16
000158 5f0f      	SUBI R16,-1
000159 2fe3      	MOV  R30,R19
00015a 91af      	POP  R26
00015b 93ec      	ST   X,R30
00015c 5011      	SUBI R17,LOW(1)
00015d cfeb      	RJMP _0x2020009
                 _0x202000B:
00015e 2fa0      	MOV  R26,R16
00015f e0e0      	LDI  R30,LOW(0)
000160 93ec      	ST   X,R30
000161 81ed      	LDD  R30,Y+5
000162 d01d      	RCALL __LOADLOCR4
000163 9626      	ADIW R28,6
000164 9508      	RET
                 
                 	.CSEG
                 _strcpy:
000165 93aa      	ST   -Y,R26
000166 91e9          ld   r30,y+
000167 27ff          clr  r31
000168 91a9          ld   r26,y+
000169 27bb          clr  r27
00016a 2f8a          mov  r24,r26
                 strcpy0:
00016b 9161          ld   r22,z+
00016c 936d          st   x+,r22
00016d 2366          tst  r22
00016e f7e1          brne strcpy0
00016f 2fe8          mov  r30,r24
000170 9508          ret
                 
                 	.CSEG
                 
                 	.DSEG
                 _lcd:
000080           	.BYTE 0x11
                 _buff:
000091           	.BYTE 0x11
                 __base_y_G100:
0000a2           	.BYTE 0x4
                 
                 	.CSEG
                 
                 	.CSEG
                 _delay_ms:
000171 9610      	adiw r26,0
000172 f039      	breq __delay_ms1
                 __delay_ms0:
                +
000173 e383     +LDI R24 , LOW ( 0x733 )
000174 e097     +LDI R25 , HIGH ( 0x733 )
                +__DELAY_USW_LOOP :
000175 9701     +SBIW R24 , 1
000176 f7f1     +BRNE __DELAY_USW_LOOP
                 	__DELAY_USW 0x733
000177 95a8      	wdr
000178 9711      	sbiw r26,1
000179 f7c9      	brne __delay_ms0
                 __delay_ms1:
00017a 9508      	ret
                 
                 __SAVELOCR4:
00017b 933a      	ST   -Y,R19
                 __SAVELOCR3:
00017c 932a      	ST   -Y,R18
                 __SAVELOCR2:
00017d 931a      	ST   -Y,R17
00017e 930a      	ST   -Y,R16
00017f 9508      	RET
                 
                 __LOADLOCR4:
000180 813b      	LDD  R19,Y+3
                 __LOADLOCR3:
000181 812a      	LDD  R18,Y+2
                 __LOADLOCR2:
000182 8119      	LDD  R17,Y+1
000183 8108      	LD   R16,Y
000184 9508      	RET
                 
                 ;END OF CODE MARKER
                 __END_OF_CODE:


RESOURCE USE INFORMATION
------------------------

Notice:
The register and instruction counts are symbol table hit counts,
and hence implicitly used resources are not counted, eg, the
'lpm' instruction without operands implicitly uses r0 and z,
none of which are counted.

x,y,z are separate entities in the symbol table and are
counted separately from r26..r31 here.

.dseg memory usage only counts static data declared with .byte

ATtiny2313 register use summary:
r0 :   6 r1 :   3 r2 :   4 r3 :   4 r4 :   2 r5 :   4 r6 :   0 r7 :   0 
r8 :   0 r9 :   0 r10:   0 r11:   0 r12:   0 r13:   0 r14:   0 r15:   2 
r16:   7 r17:  11 r18:   2 r19:   6 r20:   0 r21:   0 r22:   7 r23:   2 
r24:  29 r25:   4 r26:  58 r27:   7 r28:   4 r29:   0 r30: 118 r31:   6 
x  :   7 y  :  69 z  :   9 
Registers used: 23 out of 35 (65.7%)

ATtiny2313 instruction use summary:
.lds  :   0 .lds.l:   0 .sts  :   0 .sts.l:   0 adc   :   0 add   :   1 
adiw  :   4 and   :   0 andi  :   2 asr   :   0 bclr  :   0 bld   :   0 
brbc  :   0 brbs  :   0 brcc  :   0 brcs  :   0 break :   0 breq  :   6 
brge  :   0 brhc  :   0 brhs  :   0 brid  :   0 brie  :   0 brlo  :   1 
brlt  :   0 brmi  :   0 brne  :  18 brpl  :   0 brsh  :   1 brtc  :   0 
brts  :   0 brvc  :   0 brvs  :   0 bset  :   0 bst   :   0 cbi   :   5 
cbr   :   1 clc   :   0 clh   :   0 cli   :   1 cln   :   0 clr   :   4 
cls   :   0 clt   :   0 clv   :   0 clz   :   0 com   :   0 cp    :   3 
cpc   :   0 cpi   :   6 cpse  :   0 dec   :  10 des   :   0 eor   :   0 
fmul  :   0 fmuls :   0 fmulsu:   0 icall :   0 ijmp  :   0 in    :   5 
inc   :   2 ld    :  28 ldd   :  13 ldi   :  62 lds   :   0 lpm   :   7 
lsl   :   0 lsr   :   0 mov   :  12 movw  :   3 mul   :   0 muls  :   0 
mulsu :   0 neg   :   0 nop   :   0 or    :   1 ori   :   1 out   :  46 
pop   :   1 push  :   1 rcall :  30 ret   :   9 reti  :   1 rjmp  :  32 
rol   :   0 ror   :   0 sbc   :   0 sbci  :   0 sbi   :   5 sbic  :   0 
sbis  :   1 sbiw  :   4 sbr   :   0 sbrc  :   0 sbrs  :   0 sec   :   0 
seh   :   0 sei   :   1 sen   :   0 ser   :   0 ses   :   0 set   :   0 
sev   :   0 sez   :   0 sleep :   0 spm   :   0 st    :  36 std   :   1 
sts   :   2 sub   :   0 subi  :   7 swap  :   1 tst   :   2 wdr   :   1 

Instructions used: 42 out of 114 (36.8%)

ATtiny2313 memory use summary [bytes]:
Segment   Begin    End      Code   Data   Used    Size   Use%
---------------------------------------------------------------
[.cseg] 0x000000 0x00030a    760     18    778    2048  38.0%
[.dseg] 0x000060 0x0000a6      0     38     38     223  17.0%
[.eseg] 0x000000 0x000000      0      0      0     128   0.0%

Assembly complete, 0 errors, 5 warnings
